[droitthemes.com/html/motodeal/bus.html]
[droitthemes.com/html/motodeal/img/favicon-red.png]
[backblue.gif]
[fade.gif]
[index.html]
[droitthemes.com/html/motodeal/css/bootstrap.min.css]
[droitthemes.com/html/motodeal/css/font-awesome.min.css]
[droitthemes.com/html/motodeal/vendors/icomoon-icon/style.css]
[droitthemes.com/html/motodeal/vendors/themify-icon/themify-icons.css]
[droitthemes.com/html/motodeal/vendors/datetimepicker/tempusdominus-bootstrap-4.min.css]
[droitthemes.com/html/motodeal/vendors/nice-select/css/nice-select.css]
[droitthemes.com/html/motodeal/vendors/owl-carousel/assets/owl.carousel.min.css]
[droitthemes.com/html/motodeal/vendors/slick/slick-theme.css]
[droitthemes.com/html/motodeal/vendors/slick/slick.css]
[droitthemes.com/html/motodeal/vendors/animation/animate.css]
[droitthemes.com/html/motodeal/vendors/popup/magnific-popup.css]
[droitthemes.com/html/motodeal/vendors/animate-css/animate.css]
[droitthemes.com/html/motodeal/css/style.css]
[droitthemes.com/html/motodeal/css/responsive.css]
[droitthemes.com/html/motodeal/index.html]
[droitthemes.com/html/motodeal/img/bus-logo.png]
[droitthemes.com/html/motodeal/budget.html]
[droitthemes.com/html/motodeal/img/menu/menu-1.jpg]
[droitthemes.com/html/motodeal/luxuary.html]
[droitthemes.com/html/motodeal/img/menu/menu-2.jpg]
[droitthemes.com/html/motodeal/classified.html]
[droitthemes.com/html/motodeal/img/menu/menu-3.jpg]
[droitthemes.com/html/motodeal/img/menu/menu-4.jpg]
[droitthemes.com/html/motodeal/taxi-service.html]
[droitthemes.com/html/motodeal/img/menu/menu-5.jpg]
[droitthemes.com/html/motodeal/truck.html]
[droitthemes.com/html/motodeal/img/menu/menu-6.jpg]
[droitthemes.com/html/motodeal/img/menu/menu-7.jpg]
[droitthemes.com/html/motodeal/tractor.html]
[droitthemes.com/html/motodeal/img/menu/menu-8.jpg]
[droitthemes.com/html/motodeal/bike.html]
[droitthemes.com/html/motodeal/img/menu/menu-9.jpg]
[droitthemes.com/html/motodeal/car-repair.html]
[droitthemes.com/html/motodeal/img/menu/menu-10.jpg]
[droitthemes.com/html/motodeal/yacht.html]
[droitthemes.com/html/motodeal/img/menu/menu-11.jpg]
[droitthemes.com/html/motodeal/about-us.html]
[droitthemes.com/html/motodeal/compare-car-step-1.html]
[droitthemes.com/html/motodeal/compare-car-step-2.html]
[droitthemes.com/html/motodeal/find-dealer.html]
[droitthemes.com/html/motodeal/find-dealer-details.html]
[droitthemes.com/html/motodeal/finance-calculator.html]
[droitthemes.com/html/motodeal/faq.html]
[droitthemes.com/html/motodeal/testimonials.html]
[droitthemes.com/html/motodeal/sing-up.html]
[droitthemes.com/html/motodeal/sing-in.html]
[droitthemes.com/html/motodeal/service-1.html]
[droitthemes.com/html/motodeal/service-2.html]
[droitthemes.com/html/motodeal/service-3.html]
[droitthemes.com/html/motodeal/service-details.html]
[droitthemes.com/html/motodeal/shop.html]
[droitthemes.com/html/motodeal/shop-list.html]
[droitthemes.com/html/motodeal/product-details.html]
[droitthemes.com/html/motodeal/cart.html]
[droitthemes.com/html/motodeal/checkout.html]
[droitthemes.com/html/motodeal/blog.html]
[droitthemes.com/html/motodeal/blog-grid.html]
[droitthemes.com/html/motodeal/single-blog.html]
[droitthemes.com/html/motodeal/contact.html]
[droitthemes.com/html/motodeal/img/home-slider/bus-slider-1.jpg]
[droitthemes.com/html/motodeal/img/home-slider/bus-slider-2.jpg]
[droitthemes.com/html/motodeal/img/icon/easy-bus-1.png]
[droitthemes.com/html/motodeal/img/icon/easy-bus-2.png]
[droitthemes.com/html/motodeal/img/icon/easy-bus-3.png]
[droitthemes.com/html/motodeal/img/car-company/car-company-1.png]
[droitthemes.com/html/motodeal/img/car-company/car-company-2.png]
[droitthemes.com/html/motodeal/img/car-company/car-company-3.png]
[droitthemes.com/html/motodeal/img/car-company/car-company-4.png]
[droitthemes.com/html/motodeal/img/car-company/car-company-5.png]
[droitthemes.com/html/motodeal/img/car-company/car-company-6.png]
[droitthemes.com/html/motodeal/img/car-company/car-company-7.png]
[droitthemes.com/html/motodeal/img/car-company/car-company-8.png]
[droitthemes.com/html/motodeal/img/product/bus/bus-1.jpg]
[droitthemes.com/html/motodeal/img/product/bus/bus-2.jpg]
[droitthemes.com/html/motodeal/img/product/bus/bus-3.jpg]
[droitthemes.com/html/motodeal/img/product/bus/bus-4.jpg]
[droitthemes.com/html/motodeal/img/product/bus/bus-5.jpg]
[droitthemes.com/html/motodeal/img/product/bus/bus-6.jpg]
[droitthemes.com/html/motodeal/img/testimonials/testi-1.png]
[droitthemes.com/html/motodeal/img/testimonials/testi-2.png]
[droitthemes.com/html/motodeal/img/testimonials/testi-3.png]
[droitthemes.com/html/motodeal/img/blog/latest-bus/l-bus-1.jpg]
[droitthemes.com/html/motodeal/img/blog/latest-bus/l-bus-2.jpg]
[droitthemes.com/html/motodeal/img/blog/latest-bus/l-bus-3.jpg]
[droitthemes.com/html/motodeal/img/client-logo/client-log-1.png]
[droitthemes.com/html/motodeal/img/client-logo/client-log-2.png]
[droitthemes.com/html/motodeal/img/client-logo/client-log-3.png]
[droitthemes.com/html/motodeal/img/client-logo/client-log-4.png]
[droitthemes.com/html/motodeal/img/client-logo/client-log-5.png]
[droitthemes.com/html/motodeal/img/product/cart-details/cart-1.jpg]
[droitthemes.com/html/motodeal/js/popper.min.js]
[droitthemes.com/html/motodeal/js/bootstrap.min.js]
[droitthemes.com/html/motodeal/vendors/datetimepicker/tempusdominus-bootstrap-4.min.js]
[droitthemes.com/html/motodeal/vendors/nice-select/js/jquery.nice-select.min.js]
[droitthemes.com/html/motodeal/js/jquery-3.4.1.min.js]
[droitthemes.com/html/motodeal/vendors/datetimepicker/moment.js]
[droitthemes.com/html/motodeal/vendors/isotope/imagesloaded.pkgd.min.js]
[droitthemes.com/html/motodeal/vendors/isotope/isotope.pkgd.min.js]
[droitthemes.com/html/motodeal/vendors/owl-carousel/owl.carousel.min.js]
[droitthemes.com/html/motodeal/vendors/slick/slick.min.js]
[droitthemes.com/html/motodeal/vendors/counter-up/jquery.waypoints.min.js]
[droitthemes.com/html/motodeal/vendors/counter-up/jquery.counterup.min.js]
[droitthemes.com/html/motodeal/vendors/popup/jquery.magnific-popup.min.js]
[droitthemes.com/html/motodeal/vendors/animate-css/wow.min.js]
[droitthemes.com/html/motodeal/js/theme-dist.js]
[droitthemes.com/html/motodeal/bus.html]
[droitthemes.com/html/motodeal/css/bootstrap.min.css]
[droitthemes.com/html/motodeal/fonts/fontawesome-webfont3295.woff2]
[droitthemes.com/html/motodeal/fonts/fontawesome-webfont3295.woff]
[droitthemes.com/html/motodeal/fonts/fontawesome-webfont3295.eot]
[droitthemes.com/html/motodeal/fonts/fontawesome-webfontd41d.eot]
[droitthemes.com/html/motodeal/css/font-awesome.min.css]
[droitthemes.com/html/motodeal/fonts/fontawesome-webfont3295.svg]
[droitthemes.com/html/motodeal/vendors/icomoon-icon/fonts/icomoon95e1.woff]
[droitthemes.com/html/motodeal/fonts/fontawesome-webfont3295.ttf]
[droitthemes.com/html/motodeal/vendors/icomoon-icon/fonts/icomoon95e1.svg]
[droitthemes.com/html/motodeal/vendors/icomoon-icon/style.css]
[droitthemes.com/html/motodeal/vendors/themify-icon/fonts/themify9f24.eot]
[droitthemes.com/html/motodeal/vendors/icomoon-icon/fonts/icomoon95e1.eot]
[droitthemes.com/html/motodeal/vendors/themify-icon/fonts/themify9f24.woff]
[droitthemes.com/html/motodeal/vendors/icomoon-icon/fonts/icomoon95e1.ttf]
[droitthemes.com/html/motodeal/vendors/themify-icon/fonts/themifyd41d.eot]
[droitthemes.com/html/motodeal/vendors/themify-icon/themify-icons.css]
[droitthemes.com/html/motodeal/vendors/themify-icon/fonts/themify9f24.svg]
[droitthemes.com/html/motodeal/vendors/datetimepicker/tempusdominus-bootstrap-4.min.css]
[droitthemes.com/html/motodeal/vendors/nice-select/css/nice-select.css]
[droitthemes.com/html/motodeal/vendors/owl-carousel/assets/owl.video.play.png]
[droitthemes.com/html/motodeal/vendors/owl-carousel/assets/owl.carousel.min.css]
[droitthemes.com/html/motodeal/vendors/slick/ajax-loader.gif]
[droitthemes.com/html/motodeal/vendors/slick/fonts/slick.eot]
[droitthemes.com/html/motodeal/vendors/slick/fonts/slick.woff]
[droitthemes.com/html/motodeal/vendors/slick/fonts/slickd41d.eot]
[droitthemes.com/html/motodeal/vendors/slick/fonts/slick.ttf]
[droitthemes.com/html/motodeal/vendors/slick/fonts/slick.svg]
[droitthemes.com/html/motodeal/vendors/slick/slick-theme.css]
[droitthemes.com/html/motodeal/vendors/slick/slick.css]
[droitthemes.com/html/motodeal/vendors/animation/animate.css]
[droitthemes.com/html/motodeal/vendors/popup/magnific-popup.css]
[droitthemes.com/html/motodeal/vendors/animate-css/animate.css]
[droitthemes.com/html/motodeal/vendors/themify-icon/fonts/themify9f24.ttf]
[droitthemes.com/html/motodeal/img/icon/sec-br.png]
[droitthemes.com/html/motodeal/img/icon/leaf.png]
[droitthemes.com/html/motodeal/img/boat/boat-title-shadow.png]
[droitthemes.com/html/motodeal/img/menu-bg.jpg]
[droitthemes.com/html/motodeal/img/menu-white-bg.png]
[droitthemes.com/html/motodeal/img/icon/luxuary-left-color-2.jpg]
[droitthemes.com/html/motodeal/img/home-banner/car-rental-banner.jpg]
[droitthemes.com/html/motodeal/img/icon/luxuary-left-color.jpg]
[droitthemes.com/html/motodeal/img/icon/choose-shap.png]
[droitthemes.com/html/motodeal/img/icon/easy-br-2.png]
[droitthemes.com/html/motodeal/img/icon/easy-br-1.png]
[droitthemes.com/html/motodeal/img/services/our-service/service-bg.jpg]
[droitthemes.com/html/motodeal/img/process-bg.jpg]
[droitthemes.com/html/motodeal/img/trusted-bg.jpg]
[droitthemes.com/html/motodeal/img/trusted-border.jpg]
[droitthemes.com/html/motodeal/img/t-quickly-bg.jpg]
[droitthemes.com/html/motodeal/img/t-quickly-bg-2.jpg]
[droitthemes.com/html/motodeal/img/truck-blue-bg.jpg]
[droitthemes.com/html/motodeal/img/truck-check-bg.jpg]
[droitthemes.com/html/motodeal/img/included-bg.jpg]
[droitthemes.com/html/motodeal/img/mobile-bg.jpg]
[droitthemes.com/html/motodeal/img/download-taxi.jpg]
[droitthemes.com/html/motodeal/img/takes.jpg]
[droitthemes.com/html/motodeal/img/b-feature-bg.jpg]
[droitthemes.com/html/motodeal/img/icon/border-gray.png]
[droitthemes.com/html/motodeal/img/taxi-object-bg.jpg]
[droitthemes.com/html/motodeal/img/icon/border.png]
[droitthemes.com/html/motodeal/img/car-feature-bg.jpg]
[droitthemes.com/html/motodeal/img/best-bike-dotted.png]
[droitthemes.com/html/motodeal/img/counter-bg.jpg]
[droitthemes.com/html/motodeal/img/s-bus-bg.jpg]
[droitthemes.com/html/motodeal/img/left-br-1.png]
[droitthemes.com/html/motodeal/img/quickly-bg.jpg]
[droitthemes.com/html/motodeal/img/quickly-bg-2.jpg]
[droitthemes.com/html/motodeal/img/icon/slash.png]
[droitthemes.com/html/motodeal/img/shadow-logo.png]
[droitthemes.com/html/motodeal/img/truck-bg-map.png]
[droitthemes.com/html/motodeal/img/most-service-bg.jpg]
[droitthemes.com/html/motodeal/img/most-service-dotted.png]
[droitthemes.com/html/motodeal/img/f-yacht-bg.png]
[droitthemes.com/html/motodeal/img/classified-dotted-1.png]
[droitthemes.com/html/motodeal/img/testimonials/testi-bg.jpg]
[droitthemes.com/html/motodeal/img/feedback-bg.jpg]
[droitthemes.com/html/motodeal/img/feedback-bg-2.jpg]
[droitthemes.com/html/motodeal/img/icon/feedback-br.png]
[droitthemes.com/html/motodeal/img/icon/pencil.png]
[droitthemes.com/html/motodeal/img/c-directly-bg.jpg]
[droitthemes.com/html/motodeal/img/boat/boat-title-shadow2.png]
[droitthemes.com/html/motodeal/img/footer-bg.jpg]
[droitthemes.com/html/motodeal/img/ab-footer-bg.jpg]
[droitthemes.com/html/motodeal/img/footer-dotted.png]
[droitthemes.com/html/motodeal/img/footer-dotted-2.png]
[droitthemes.com/html/motodeal/img/yacht-footer-bg.jpg]
[droitthemes.com/html/motodeal/img/icon/luxuary-border-footer.png]
[droitthemes.com/html/motodeal/css/style.css]
[droitthemes.com/html/motodeal/css/responsive.css]
[droitthemes.com/html/motodeal/img/favicon-green.png]
[droitthemes.com/html/motodeal/img/loader_5.gif]
[droitthemes.com/html/motodeal/img/logo-tractor.png]
[droitthemes.com/html/motodeal/img/logo-tractor-green.png]
[droitthemes.com/html/motodeal/img/find-map.png]
[droitthemes.com/html/motodeal/img/icon/map-marker.png]
[droitthemes.com/html/motodeal/img/product/car-product-1.png]
[droitthemes.com/html/motodeal/img/icon/p-cat-icon-1.png]
[droitthemes.com/html/motodeal/img/icon/p-cat-icon-2.png]
[droitthemes.com/html/motodeal/img/icon/p-cat-icon-3.png]
[droitthemes.com/html/motodeal/img/icon/p-cat-icon-4.png]
[droitthemes.com/html/motodeal/img/product/car-product-2.png]
[droitthemes.com/html/motodeal/img/product/car-product-3.png]
[droitthemes.com/html/motodeal/img/mobile-1.jpg]
[droitthemes.com/html/motodeal/img/mobile-2.jpg]
[droitthemes.com/html/motodeal/img/google-play.png]
[droitthemes.com/html/motodeal/img/os.png]
[droitthemes.com/html/motodeal/img/icon/card-1.png]
[droitthemes.com/html/motodeal/img/icon/card-2.png]
[droitthemes.com/html/motodeal/img/icon/card-3.png]
[droitthemes.com/html/motodeal/img/icon/card-4.png]
[droitthemes.com/html/motodeal/index.html]
[droitthemes.com/html/motodeal/img/logo-budget.png]
[droitthemes.com/html/motodeal/img/logo-red.png]
[droitthemes.com/html/motodeal/img/home-slider/budget-slider-1.jpg]
[droitthemes.com/html/motodeal/img/home-slider/budget-brand-1.png]
[droitthemes.com/html/motodeal/img/home-slider/budget-slider-2.jpg]
[droitthemes.com/html/motodeal/img/home-slider/budget-slider-3.jpg]
[droitthemes.com/html/motodeal/img/car-1.png]
[droitthemes.com/html/motodeal/img/icon/flag.png]
[droitthemes.com/html/motodeal/img/icon/flag-2.png]
[droitthemes.com/html/motodeal/img/product/car-collection/car-1.jpg]
[droitthemes.com/html/motodeal/img/product/car-collection/car-2.jpg]
[droitthemes.com/html/motodeal/img/product/car-collection/car-3.jpg]
[droitthemes.com/html/motodeal/img/product/car-collection/car-4.jpg]
[droitthemes.com/html/motodeal/img/product/car-collection/car-5.jpg]
[droitthemes.com/html/motodeal/img/product/car-collection/car-6.jpg]
[droitthemes.com/html/motodeal/img/icon/flag-3.png]
[droitthemes.com/html/motodeal/img/car/car-1.png]
[droitthemes.com/html/motodeal/img/car/car-2.png]
[droitthemes.com/html/motodeal/img/car/car-3.png]
[droitthemes.com/html/motodeal/img/car/car-4.png]
[droitthemes.com/html/motodeal/img/car/car-5.png]
[droitthemes.com/html/motodeal/img/car/car-6.png]
[droitthemes.com/html/motodeal/img/blog/bike-blog/bike-blog-4.jpg]
[droitthemes.com/html/motodeal/img/blog/bike-blog/bike-blog-5.jpg]
[droitthemes.com/html/motodeal/img/blog/bike-blog/bike-blog-6.jpg]
[droitthemes.com/html/motodeal/img/footer-red-logo.png]
[droitthemes.com/html/motodeal/budget.html]
[droitthemes.com/html/motodeal/vendors/linericon/style.css]
[droitthemes.com/html/motodeal/vendors/nice-scroll/jquery.mCustomScrollbar.css]
[droitthemes.com/html/motodeal/img/luxuary-logo.png]
[droitthemes.com/html/motodeal/img/icon/menu-plus.png]
[droitthemes.com/html/motodeal/img/icon/menu-minus.png]
[droitthemes.com/html/motodeal/shop-two.html]
[droitthemes.com/html/motodeal/shop-product-details.html]
[droitthemes.com/html/motodeal/img/icon/bar-icon.png]
[droitthemes.com/html/motodeal/img/home-slider/luxuary-slider-1.jpg]
[droitthemes.com/html/motodeal/img/home-slider/luxuary-ele-1.png]
[droitthemes.com/html/motodeal/img/home-slider/luxuary-slider-2.jpg]
[droitthemes.com/html/motodeal/img/home-slider/luxuary-slider-3.jpg]
[droitthemes.com/html/motodeal/img/small-video.jpg]
[droitthemes.com/html/motodeal/img/icon/luxuary-tyre.png]
[droitthemes.com/html/motodeal/img/brand/get-brand/brand-1.png]
[droitthemes.com/html/motodeal/img/brand/get-brand/brand-2.png]
[droitthemes.com/html/motodeal/img/brand/get-brand/brand-3.png]
[droitthemes.com/html/motodeal/img/brand/get-brand/brand-4.png]
[droitthemes.com/html/motodeal/img/brand/get-brand/brand-5.png]
[droitthemes.com/html/motodeal/img/luxuary-video.jpg]
[droitthemes.com/html/motodeal/img/icon/luxuary-tyre-2.png]
[droitthemes.com/html/motodeal/img/luxuary-car/luxuary-1.jpg]
[droitthemes.com/html/motodeal/img/blog/latest-bus/l-bus-4.jpg]
[droitthemes.com/html/motodeal/img/blog/latest-bus/l-bus-5.jpg]
[droitthemes.com/html/motodeal/img/blog/latest-bus/l-bus-6.jpg]
[droitthemes.com/html/motodeal/img/l-f-logo.png]
[droitthemes.com/html/motodeal/luxuary.html]
[droitthemes.com/html/motodeal/vendors/nice-scroll/jquery.mCustomScrollbar.concat.min.js]
[droitthemes.com/html/motodeal/img/classic-logo.png]
[droitthemes.com/html/motodeal/vendors/nice-scroll/jquery.nicescroll.min.js]
[droitthemes.com/html/motodeal/img/clasified-logo.png]
[droitthemes.com/html/motodeal/img/product/car-grid-four/car-1.jpg]
[droitthemes.com/html/motodeal/img/product/car-grid-four/car-2.jpg]
[droitthemes.com/html/motodeal/img/product/car-grid-four/car-3.jpg]
[droitthemes.com/html/motodeal/img/product/car-grid-four/car-4.jpg]
[droitthemes.com/html/motodeal/img/product/car-grid-four/car-5.jpg]
[droitthemes.com/html/motodeal/img/product/car-grid-four/car-6.jpg]
[droitthemes.com/html/motodeal/img/product/car-grid-four/car-7.jpg]
[droitthemes.com/html/motodeal/img/product/car-grid-four/car-8.jpg]
[droitthemes.com/html/motodeal/img/comparisom/compare-1.png]
[droitthemes.com/html/motodeal/img/comparisom/compare-2.png]
[droitthemes.com/html/motodeal/img/comparisom/compare-3.png]
[droitthemes.com/html/motodeal/img/comparisom/compare-4.png]
[droitthemes.com/html/motodeal/img/blog/latest-car/l-car-1.jpg]
[droitthemes.com/html/motodeal/img/blog/latest-car/l-car-2.jpg]
[droitthemes.com/html/motodeal/img/blog/latest-car/l-car-3.jpg]
[droitthemes.com/html/motodeal/img/classified-f-logo.png]
[droitthemes.com/html/motodeal/classified.html]
[droitthemes.com/html/motodeal/img/favicon-taxi.png]
[droitthemes.com/html/motodeal/img/taxi-logo.png]
[droitthemes.com/html/motodeal/img/home-slider/taxi-slider-1.jpg]
[droitthemes.com/html/motodeal/img/home-slider/taxi-slider-2.jpg]
[droitthemes.com/html/motodeal/img/icon/works-1.png]
[droitthemes.com/html/motodeal/img/icon/works-2.png]
[droitthemes.com/html/motodeal/img/icon/works-3.png]
[droitthemes.com/html/motodeal/img/trusted-taxi.png]
[droitthemes.com/html/motodeal/img/taxi-price.png]
[droitthemes.com/html/motodeal/img/icon/taxi-object-1.png]
[droitthemes.com/html/motodeal/img/icon/taxi-object-2.png]
[droitthemes.com/html/motodeal/img/icon/taxi-object-3.png]
[droitthemes.com/html/motodeal/img/icon/taxi-object-4.png]
[droitthemes.com/html/motodeal/img/google-play-2.png]
[droitthemes.com/html/motodeal/img/os-2.png]
[droitthemes.com/html/motodeal/img/mobile-taxi-1.png]
[droitthemes.com/html/motodeal/img/mobile-taxi-2.png]
[droitthemes.com/html/motodeal/img/blog/taxi-latest-news/taxi-1.jpg]
[droitthemes.com/html/motodeal/img/blog/taxi-latest-news/taxi-2.jpg]
[droitthemes.com/html/motodeal/img/blog/taxi-latest-news/taxi-3.jpg]
[droitthemes.com/html/motodeal/img/y-footer-logo.png]
[droitthemes.com/html/motodeal/taxi-service.html]
[droitthemes.com/html/motodeal/vendors/jquery-ui/jquery-ui.css]
[droitthemes.com/html/motodeal/img/truck-logo.png]
[droitthemes.com/html/motodeal/img/home-slider/truck-slider-1.jpg]
[droitthemes.com/html/motodeal/img/home-slider/truck-slider-2.jpg]
[droitthemes.com/html/motodeal/img/home-slider/truck-slider-3.jpg]
[droitthemes.com/html/motodeal/img/truck-video.jpg]
[droitthemes.com/html/motodeal/img/signature.png]
[droitthemes.com/html/motodeal/img/truck-check-1.png]
[droitthemes.com/html/motodeal/img/truck-check-2.png]
[droitthemes.com/html/motodeal/img/truck-type/truck-1.png]
[droitthemes.com/html/motodeal/img/truck-type/truck-2.png]
[droitthemes.com/html/motodeal/img/truck-type/truck-3.png]
[droitthemes.com/html/motodeal/img/most-service-truck.png]
[droitthemes.com/html/motodeal/truck.html]
[droitthemes.com/html/motodeal/vendors/country-selector/dd.css]
[droitthemes.com/html/motodeal/vendors/country-selector/flags.css]
[droitthemes.com/html/motodeal/img/home-slider/tractor-slider-1.jpg]
[droitthemes.com/html/motodeal/vendors/jquery-ui/jquery-ui.js]
[droitthemes.com/html/motodeal/img/home-slider/tractor-slider-2.jpg]
[droitthemes.com/html/motodeal/img/home-slider/tractor-slider-3.jpg]
[droitthemes.com/html/motodeal/img/home-slider/tractor-slider-4.jpg]
[droitthemes.com/html/motodeal/img/explore/explore-1.jpg]
[droitthemes.com/html/motodeal/img/explore/explore-2.jpg]
[droitthemes.com/html/motodeal/img/explore/explore-3.jpg]
[droitthemes.com/html/motodeal/img/explore/explore-4.jpg]
[droitthemes.com/html/motodeal/img/explore/explore-5.jpg]
[droitthemes.com/html/motodeal/img/explore/explore-6.jpg]
[droitthemes.com/html/motodeal/img/tractor-brand/brand-1.png]
[droitthemes.com/html/motodeal/img/tractor-brand/brand-2.png]
[droitthemes.com/html/motodeal/img/tractor-brand/brand-3.png]
[droitthemes.com/html/motodeal/img/tractor-brand/brand-4.png]
[droitthemes.com/html/motodeal/img/tractor-brand/brand-5.png]
[droitthemes.com/html/motodeal/img/tractor-brand/brand-6.png]
[droitthemes.com/html/motodeal/img/tractor-brand/brand-7.png]
[droitthemes.com/html/motodeal/img/tractor-brand/brand-8.png]
[droitthemes.com/html/motodeal/img/tractor-brand/brand-9.png]
[droitthemes.com/html/motodeal/img/tractor-brand/brand-10.png]
[droitthemes.com/html/motodeal/img/product/bus/bus-7.jpg]
[droitthemes.com/html/motodeal/img/product/bus/bus-8.jpg]
[droitthemes.com/html/motodeal/img/product/bus/bus-9.jpg]
[droitthemes.com/html/motodeal/img/product/bus/bus-10.jpg]
[droitthemes.com/html/motodeal/img/product/bus/bus-11.jpg]
[droitthemes.com/html/motodeal/img/product/bus/bus-12.jpg]
[droitthemes.com/html/motodeal/img/logo.png]
[droitthemes.com/html/motodeal/tractor.html]
[droitthemes.com/html/motodeal/js/flag.js]
[droitthemes.com/html/motodeal/vendors/country-selector/jquery.dd.min.js]
[droitthemes.com/html/motodeal/img/home-slider/byke-slider-1.jpg]
[droitthemes.com/html/motodeal/img/home-slider/bike-name-1.png]
[droitthemes.com/html/motodeal/img/home-slider/byke-slider-2.jpg]
[droitthemes.com/html/motodeal/img/home-slider/byke-slider-3.jpg]
[droitthemes.com/html/motodeal/img/home-slider/byke-slider-4.jpg]
[droitthemes.com/html/motodeal/img/brand/brand-1.png]
[droitthemes.com/html/motodeal/img/brand/brand-2.png]
[droitthemes.com/html/motodeal/img/brand/brand-3.png]
[droitthemes.com/html/motodeal/img/brand/brand-4.png]
[droitthemes.com/html/motodeal/img/brand/brand-5.png]
[droitthemes.com/html/motodeal/img/brand/brand-6.png]
[droitthemes.com/html/motodeal/img/brand/brand-7.png]
[droitthemes.com/html/motodeal/img/brand/brand-8.png]
[droitthemes.com/html/motodeal/img/brand/brand-9.png]
[droitthemes.com/html/motodeal/img/brand/brand-10.png]
[droitthemes.com/html/motodeal/img/brand/brand-11.png]
[droitthemes.com/html/motodeal/img/brand/brand-12.png]
[droitthemes.com/html/motodeal/img/bike-slider/bike-1.jpg]
[droitthemes.com/html/motodeal/img/bike-slider/bike-2.jpg]
[droitthemes.com/html/motodeal/img/bike-slider/bike-3.jpg]
[droitthemes.com/html/motodeal/img/product/bike-type/t-bike-1.jpg]
[droitthemes.com/html/motodeal/img/product/bike-type/t-bike-2.jpg]
[droitthemes.com/html/motodeal/img/product/bike-type/t-bike-3.jpg]
[droitthemes.com/html/motodeal/img/product/bike-type/t-bike-4.jpg]
[droitthemes.com/html/motodeal/img/product/bike-type/t-bike-5.jpg]
[droitthemes.com/html/motodeal/img/product/bike-type/t-bike-6.jpg]
[droitthemes.com/html/motodeal/img/product/best-bike/best-bike-1.png]
[droitthemes.com/html/motodeal/img/product/best-bike/best-bike-2.png]
[droitthemes.com/html/motodeal/img/product/best-bike/best-bike-3.png]
[droitthemes.com/html/motodeal/img/blog/bike-blog/bike-blog-1.jpg]
[droitthemes.com/html/motodeal/img/blog/bike-blog/bike-blog-2.jpg]
[droitthemes.com/html/motodeal/img/blog/bike-blog/bike-blog-3.jpg]
[droitthemes.com/html/motodeal/bike.html]
[droitthemes.com/html/motodeal/vendors/twenty/css/twentytwenty.css]
[droitthemes.com/html/motodeal/img/home-slider/repair-slider-1.jpg]
[droitthemes.com/html/motodeal/img/home-slider/repair-slider-2.jpg]
[droitthemes.com/html/motodeal/img/home-slider/repair-slider-3.jpg]
[droitthemes.com/html/motodeal/img/about-car-1.jpg]
[droitthemes.com/html/motodeal/img/services/our-service/service-1.jpg]
[droitthemes.com/html/motodeal/img/car-half-2.png]
[droitthemes.com/html/motodeal/img/car-half.png]
[droitthemes.com/html/motodeal/img/brand/expert-brand/brand-1.png]
[droitthemes.com/html/motodeal/img/brand/expert-brand/brand-2.png]
[droitthemes.com/html/motodeal/img/brand/expert-brand/brand-3.png]
[droitthemes.com/html/motodeal/img/brand/expert-brand/brand-4.png]
[droitthemes.com/html/motodeal/img/brand/expert-brand/brand-5.png]
[droitthemes.com/html/motodeal/img/brand/expert-brand/brand-6.png]
[droitthemes.com/html/motodeal/img/brand/expert-brand/brand-7.png]
[droitthemes.com/html/motodeal/img/brand/expert-brand/brand-8.png]
[droitthemes.com/html/motodeal/img/brand/expert-brand/brand-9.png]
[droitthemes.com/html/motodeal/img/brand/expert-brand/brand-10.png]
[droitthemes.com/html/motodeal/img/brand/expert-brand/brand-11.png]
[droitthemes.com/html/motodeal/img/brand/expert-brand/brand-12.png]
[droitthemes.com/html/motodeal/img/brand/expert-brand/brand-13.png]
[droitthemes.com/html/motodeal/img/brand/expert-brand/brand-14.png]
[droitthemes.com/html/motodeal/img/brand/expert-brand/brand-15.png]
[droitthemes.com/html/motodeal/img/blog/bike-blog/bike-blog-7.jpg]
[droitthemes.com/html/motodeal/img/blog/bike-blog/bike-blog-8.jpg]
[droitthemes.com/html/motodeal/img/blog/bike-blog/bike-blog-9.jpg]
[droitthemes.com/html/motodeal/img/repair-logo.png]
[droitthemes.com/html/motodeal/vendors/twenty/js/jquery.event.move.js]
[droitthemes.com/html/motodeal/car-repair.html]
[droitthemes.com/html/motodeal/vendors/twenty/js/jquery.twentytwenty.js]
[droitthemes.com/html/motodeal/img/logo-yacht.png]
[droitthemes.com/html/motodeal/img/home-slider/yacht-slider-1.jpg]
[droitthemes.com/html/motodeal/img/home-slider/yacht-slider-2.jpg]
[droitthemes.com/html/motodeal/img/home-slider/yacht-slider-3.jpg]
[droitthemes.com/html/motodeal/img/boat/boat-1.png]
[droitthemes.com/html/motodeal/img/boat/boat-2.png]
[droitthemes.com/html/motodeal/img/boat/boat-3.png]
[droitthemes.com/html/motodeal/img/boat/boat-4.png]
[droitthemes.com/html/motodeal/img/boat/boat-5.png]
[droitthemes.com/html/motodeal/img/boat/boat-6.png]
[droitthemes.com/html/motodeal/img/dubble-1.jpg]
[droitthemes.com/html/motodeal/img/dubble-2.jpg]
[droitthemes.com/html/motodeal/img/product/yacht/yacht-1.jpg]
[droitthemes.com/html/motodeal/img/product/yacht/yacht-2.jpg]
[droitthemes.com/html/motodeal/img/product/yacht/yacht-3.jpg]
[droitthemes.com/html/motodeal/img/yacht/yacht-1.jpg]
[droitthemes.com/html/motodeal/img/yacht/yacht-2.jpg]
[droitthemes.com/html/motodeal/img/yacht/yacht-3.jpg]
[droitthemes.com/html/motodeal/img/yacht/yacht-4.jpg]
[droitthemes.com/html/motodeal/img/yacht/yacht-5.jpg]
[droitthemes.com/html/motodeal/img/yacht/yacht-6.jpg]
[droitthemes.com/html/motodeal/img/blog/yacht-blog/blog-1.jpg]
[droitthemes.com/html/motodeal/img/blog/yacht-blog/blog-2.jpg]
[droitthemes.com/html/motodeal/img/blog/yacht-blog/blog-3.jpg]
[droitthemes.com/html/motodeal/img/logo-yacht-f.png]
[droitthemes.com/html/motodeal/img/gallery-widget/gallery-1.jpg]
[droitthemes.com/html/motodeal/img/gallery-widget/gallery-2.jpg]
[droitthemes.com/html/motodeal/img/gallery-widget/gallery-3.jpg]
[droitthemes.com/html/motodeal/img/gallery-widget/gallery-4.jpg]
[droitthemes.com/html/motodeal/img/gallery-widget/gallery-5.jpg]
[droitthemes.com/html/motodeal/img/gallery-widget/gallery-6.jpg]
[droitthemes.com/html/motodeal/yacht.html]
[droitthemes.com/html/motodeal/img/breadcrumb/breadcrumb-bg.jpg]
[droitthemes.com/html/motodeal/img/market-car-1.png]
[droitthemes.com/html/motodeal/img/team/team-1.jpg]
[droitthemes.com/html/motodeal/img/team/team-2.jpg]
[droitthemes.com/html/motodeal/img/team/team-3.jpg]
[droitthemes.com/html/motodeal/img/team/team-4.jpg]
[droitthemes.com/html/motodeal/img/counter-person.jpg]
[droitthemes.com/html/motodeal/about-us.html]
[droitthemes.com/html/motodeal/img/breadcrumb/breadcrumb-bg-4.jpg]
[droitthemes.com/html/motodeal/img/icon/car-icon-1.png]
[droitthemes.com/html/motodeal/compare-car-step-1.html]
[droitthemes.com/html/motodeal/img/product/comparisom/comparisom-1.jpg]
[droitthemes.com/html/motodeal/img/product/comparisom/comparisom-2.jpg]
[droitthemes.com/html/motodeal/img/product/comparisom/comparisom-3.jpg]
[droitthemes.com/html/motodeal/img/icon/close-icon.png]
[droitthemes.com/html/motodeal/img/icon/tick.png]
[droitthemes.com/html/motodeal/compare-car-step-2.html]
[droitthemes.com/html/motodeal/img/breadcrumb/breadcrumb-bg-5.jpg]
[droitthemes.com/html/motodeal/vendors/slick/slick.js]
[droitthemes.com/html/motodeal/img/icon/s-marker-1.png]
[droitthemes.com/html/motodeal/img/icon/s-marker-2.png]
[droitthemes.com/html/motodeal/img/icon/s-marker-3.png]
[droitthemes.com/html/motodeal/img/icon/marker-2.png]
[droitthemes.com/html/motodeal/find-dealer.html]
[droitthemes.com/html/motodeal/js/map.js]
[droitthemes.com/html/motodeal/js/gmaps.min.js]
[droitthemes.com/html/motodeal/img/dealer-1.jpg]
[droitthemes.com/html/motodeal/img/icon/green.png]
[droitthemes.com/html/motodeal/js/jquery.validate.min.js]
[droitthemes.com/html/motodeal/js/jquery.form.js]
[droitthemes.com/html/motodeal/find-dealer-details.html]
[droitthemes.com/html/motodeal/finance-calculator.html]
[droitthemes.com/html/motodeal/faq.html]
[droitthemes.com/html/motodeal/js/contact.js]
[droitthemes.com/html/motodeal/img/breadcrumb/breadcrumb-bg-7.jpg]
[droitthemes.com/html/motodeal/testimonials.html]
[droitthemes.com/html/motodeal/img/icon/flag-4.png]
[droitthemes.com/html/motodeal/sing-up.html]
[droitthemes.com/html/motodeal/sing-in.html]
[droitthemes.com/html/motodeal/img/breadcrumb/breadcrumb-bg-6.jpg]
[droitthemes.com/html/motodeal/service-1.html]
[droitthemes.com/html/motodeal/img/find-map-2.png]
[droitthemes.com/html/motodeal/img/icon/map-marker-red.png]
[droitthemes.com/html/motodeal/service-2.html]
[droitthemes.com/html/motodeal/img/market-car-2.png]
[droitthemes.com/html/motodeal/img/most-service-truck-2.png]
[droitthemes.com/html/motodeal/service-3.html]
[droitthemes.com/html/motodeal/img/wheels.png]
[droitthemes.com/html/motodeal/service-details.html]
[droitthemes.com/html/motodeal/img/product/car-grid-four/car-9.jpg]
[droitthemes.com/html/motodeal/img/product/car-grid-four/car-10.jpg]
[droitthemes.com/html/motodeal/img/product/car-grid-four/car-11.jpg]
[droitthemes.com/html/motodeal/img/product/car-grid-four/car-12.jpg]
[droitthemes.com/html/motodeal/img/product/car-grid-four/car-13.jpg]
[droitthemes.com/html/motodeal/img/product/car-grid-four/car-14.jpg]
[droitthemes.com/html/motodeal/img/product/car-grid-four/car-15.jpg]
[droitthemes.com/html/motodeal/img/product/product-wd-img/p-wd-1.png]
[droitthemes.com/html/motodeal/img/product/product-wd-img/p-wd-2.png]
[droitthemes.com/html/motodeal/img/product/product-wd-img/p-wd-3.png]
[droitthemes.com/html/motodeal/img/product/product-wd-img/p-wd-4.png]
[droitthemes.com/html/motodeal/img/product/product-wd-img/p-wd-5.png]
[droitthemes.com/html/motodeal/img/product/product-wd-img/p-wd-6.png]
[droitthemes.com/html/motodeal/shop.html]
[droitthemes.com/html/motodeal/img/product/list-product/l-product-1.jpg]
[droitthemes.com/html/motodeal/img/product/list-product/l-product-2.jpg]
[droitthemes.com/html/motodeal/img/product/list-product/l-product-3.jpg]
[droitthemes.com/html/motodeal/img/product/list-product/l-product-4.jpg]
[droitthemes.com/html/motodeal/img/product/list-product/l-product-5.jpg]
[droitthemes.com/html/motodeal/img/product/list-product/l-product-6.jpg]
[droitthemes.com/html/motodeal/img/product/list-product/l-product-7.jpg]
[droitthemes.com/html/motodeal/img/product/list-product/l-product-8.jpg]
[droitthemes.com/html/motodeal/shop-list.html]
[droitthemes.com/html/motodeal/img/breadcrumb/breadcrumb-bg-3.jpg]
[droitthemes.com/html/motodeal/img/product/product-details-1.jpg]
[droitthemes.com/html/motodeal/img/product/product-details-2.jpg]
[droitthemes.com/html/motodeal/img/product/product-details-3.jpg]
[droitthemes.com/html/motodeal/img/product/product-details-4.jpg]
[droitthemes.com/html/motodeal/img/product/product-details-6.jpg]
[droitthemes.com/html/motodeal/img/product/product-tab-1.jpg]
[droitthemes.com/html/motodeal/img/product/product-tab-2.jpg]
[droitthemes.com/html/motodeal/img/product/product-tab-3.jpg]
[droitthemes.com/html/motodeal/img/product/product-tab-4.jpg]
[droitthemes.com/html/motodeal/img/product/product-tab-6.jpg]
[droitthemes.com/html/motodeal/img/icon/green.jpg]
[droitthemes.com/html/motodeal/.1f5.delayed]
[droitthemes.com/html/motodeal/product-details.html]
[droitthemes.com/html/motodeal/img/product/cart-details/cart-1.png]
[droitthemes.com/html/motodeal/img/product/cart-details/cart-2.png]
[droitthemes.com/html/motodeal/img/product/cart-details/cart-3.png]
[droitthemes.com/html/motodeal/img/product/cart-details/cart-4.png]
[droitthemes.com/html/motodeal/cart.html]
[droitthemes.com/html/motodeal/img/icon/card.png]
[droitthemes.com/html/motodeal/img/icon/paypal.png]
[droitthemes.com/html/motodeal/checkout.html]
[droitthemes.com/html/motodeal/img/breadcrumb/breadcrumb-bg-2.jpg]
[droitthemes.com/html/motodeal/img/blog/main-blog/blog-1.jpg]
[droitthemes.com/html/motodeal/$]
[droitthemes.com/html/motodeal/img/blog/main-blog/blog-2.jpg]
[droitthemes.com/html/motodeal/img/blog/main-blog/blog-3.jpg]
[droitthemes.com/html/motodeal/img/blog/main-blog/blog-4.jpg]
[droitthemes.com/html/motodeal/img/blog/l-news/l-news-1.jpg]
[droitthemes.com/html/motodeal/img/blog/l-news/l-news-2.jpg]
[droitthemes.com/html/motodeal/img/blog/l-news/l-news-3.jpg]
[droitthemes.com/html/motodeal/blog.html]
[droitthemes.com/html/motodeal/img/blog/blog-grid/blog-grid-1.jpg]
[droitthemes.com/html/motodeal/img/blog/blog-grid/blog-grid-2.jpg]
[droitthemes.com/html/motodeal/img/blog/blog-grid/blog-grid-3.jpg]
[droitthemes.com/html/motodeal/img/blog/blog-grid/blog-grid-4.jpg]
[droitthemes.com/html/motodeal/img/blog/blog-grid/blog-grid-5.jpg]
[droitthemes.com/html/motodeal/img/blog/blog-grid/blog-grid-6.jpg]
[droitthemes.com/html/motodeal/img/blog/blog-grid/blog-grid-7.jpg]
[droitthemes.com/html/motodeal/img/blog/blog-grid/blog-grid-8.jpg]
[droitthemes.com/html/motodeal/blog-grid.html]
[droitthemes.com/html/motodeal/img/blog/main-blog/single-blog-1.jpg]
[droitthemes.com/html/motodeal/img/comment/author-1.png]
[droitthemes.com/html/motodeal/img/comment/comment-1.png]
[droitthemes.com/html/motodeal/img/comment/comment-2.png]
[droitthemes.com/html/motodeal/img/comment/comment-3.png]
[droitthemes.com/html/motodeal/single-blog.html]
[droitthemes.com/html/motodeal/img/icon/marker.png]
[droitthemes.com/html/motodeal/contact.html]
[droitthemes.com/html/motodeal/js/map-active.js]
[droitthemes.com/html/motodeal/fonts/fontawesome-webfont3295.svg]
[droitthemes.com/html/motodeal/vendors/icomoon-icon/fonts/icomoon95e1.svg]
[droitthemes.com/html/motodeal/vendors/themify-icon/fonts/themify9f24.svg]
[droitthemes.com/html/motodeal/vendors/slick/fonts/slick.svg]
[droitthemes.com/html/motodeal/vendors/linericon/fonts/Linearicons-Free54e9.woff2]
[droitthemes.com/html/motodeal/vendors/linericon/fonts/Linearicons-Free54e9.eot]
[droitthemes.com/html/motodeal/vendors/linericon/fonts/Linearicons-Free54e9.woff]
[droitthemes.com/html/motodeal/vendors/linericon/fonts/Linearicons-Freed41d.eot]
[droitthemes.com/html/motodeal/vendors/linericon/style.css]
[droitthemes.com/html/motodeal/vendors/linericon/fonts/Linearicons-Free54e9.svg]
[droitthemes.com/html/motodeal/vendors/nice-scroll/mCSB_buttons.png]
[droitthemes.com/html/motodeal/vendors/nice-scroll/jquery.mCustomScrollbar.css]
[droitthemes.com/html/motodeal/shop-two.html]
[droitthemes.com/html/motodeal/shop-product-details.html]
[droitthemes.com/html/motodeal/vendors/linericon/fonts/Linearicons-Free54e9.ttf]
[droitthemes.com/html/motodeal/vendors/jquery-ui/images/ui-icons_444444_256x240.png]
[droitthemes.com/html/motodeal/vendors/jquery-ui/images/ui-icons_555555_256x240.png]
[droitthemes.com/html/motodeal/vendors/jquery-ui/images/ui-icons_ffffff_256x240.png]
[droitthemes.com/html/motodeal/vendors/jquery-ui/images/ui-icons_777620_256x240.png]
[droitthemes.com/html/motodeal/vendors/jquery-ui/images/ui-icons_cc0000_256x240.png]
[droitthemes.com/html/motodeal/vendors/jquery-ui/images/ui-icons_777777_256x240.png]
[droitthemes.com/html/motodeal/vendors/jquery-ui/jquery-ui.css]
[droitthemes.com/html/motodeal/vendors/country-selector/dd.css]
[droitthemes.com/html/motodeal/vendors/country-selector/flags.css]
[droitthemes.com/html/motodeal/vendors/twenty/css/twentytwenty.css]
[droitthemes.com/html/motodeal/.html]
[droitthemes.com/html/motodeal/$.html]
[droitthemes.com/html/motodeal/vendors/linericon/fonts/Linearicons-Free54e9.svg]
[droitthemes.com/html/motodeal/vendors/nice-scroll/mCSB_buttons.html]
[droitthemes.com/html/motodeal/vendors/jquery-ui/images/ui-icons_444444_256x240.html]
[droitthemes.com/html/motodeal/vendors/jquery-ui/images/ui-icons_555555_256x240.html]
[droitthemes.com/html/motodeal/vendors/jquery-ui/images/ui-icons_ffffff_256x240.html]
[droitthemes.com/html/motodeal/vendors/jquery-ui/images/ui-icons_777620_256x240.html]
[droitthemes.com/html/motodeal/vendors/jquery-ui/images/ui-icons_cc0000_256x240.html]
[droitthemes.com/html/motodeal/vendors/jquery-ui/images/ui-icons_777777_256x240.html]
